// Jest Snapshot v1, https://goo.gl/fbAQLP

exports[`renders the Home component correctly 1`] = `
<div>
  <div>
    <div
      class="home_body"
    >
      <h1
        class="h1"
      >
        Home: 
      </h1>
      <div>
        <div>
           Fetching Data... 
        </div>
      </div>
    </div>
    <a
      class="link"
      href="/archives"
    >
      Read More &gt;
    </a>
  </div>
</div>
`;
